// Jest Snapshot v1, https://goo.gl/fbAQLP

exports[`Conway's Game of Life After one iteration 1`] = `
Array [
  Object {
    "coords": Array [
      1,
      2,
    ],
    "state": "#",
  },
  Object {
    "coords": Array [
      1,
      0,
    ],
    "state": "#",
  },
  Object {
    "coords": Array [
      2,
      2,
    ],
    "state": "#",
  },
  Object {
    "coords": Array [
      2,
      1,
    ],
    "state": "#",
  },
  Object {
    "coords": Array [
      3,
      1,
    ],
    "state": "#",
  },
]
`;

exports[`Neighbors VonNeumann's neighborhood (1d, distance 1) 1`] = `
Array [
  Array [
    0,
  ],
  Array [
    2,
  ],
]
`;

exports[`Neighbors VonNeumann's neighborhood (1d, distance 2) 1`] = `
Array [
  Array [
    0,
  ],
  Array [
    2,
  ],
  Array [
    -1,
  ],
  Array [
    3,
  ],
]
`;

exports[`Neighbors VonNeumann's neighborhood (2d, distance 1) 1`] = `
Array [
  Array [
    1,
    0,
  ],
  Array [
    0,
    1,
  ],
  Array [
    2,
    1,
  ],
  Array [
    1,
    2,
  ],
  Array [
    1,
    -1,
  ],
  Array [
    0,
    0,
  ],
  Array [
    2,
    0,
  ],
  Array [
    -1,
    1,
  ],
  Array [
    3,
    1,
  ],
  Array [
    0,
    2,
  ],
  Array [
    2,
    2,
  ],
  Array [
    1,
    3,
  ],
]
`;

exports[`Neighbors VonNeumann's neighborhood (2d, distance 2) 1`] = `
Array [
  Array [
    1,
    0,
  ],
  Array [
    0,
    1,
  ],
  Array [
    2,
    1,
  ],
  Array [
    1,
    2,
  ],
  Array [
    1,
    -1,
  ],
  Array [
    0,
    0,
  ],
  Array [
    2,
    0,
  ],
  Array [
    -1,
    1,
  ],
  Array [
    3,
    1,
  ],
  Array [
    0,
    2,
  ],
  Array [
    2,
    2,
  ],
  Array [
    1,
    3,
  ],
]
`;

exports[`Neighbors VonNeumann's neighborhood (3d, distance 1) 1`] = `
Array [
  Array [
    1,
    1,
    -1,
  ],
  Array [
    1,
    0,
    0,
  ],
  Array [
    0,
    1,
    0,
  ],
  Array [
    2,
    1,
    0,
  ],
  Array [
    1,
    2,
    0,
  ],
  Array [
    1,
    1,
    1,
  ],
]
`;

exports[`Neighbors VonNeumann's neighborhood (3d, distance 2) 1`] = `
Array [
  Array [
    1,
    1,
    -1,
  ],
  Array [
    1,
    0,
    0,
  ],
  Array [
    0,
    1,
    0,
  ],
  Array [
    2,
    1,
    0,
  ],
  Array [
    1,
    2,
    0,
  ],
  Array [
    1,
    1,
    1,
  ],
  Array [
    1,
    1,
    -2,
  ],
  Array [
    1,
    0,
    -1,
  ],
  Array [
    0,
    1,
    -1,
  ],
  Array [
    2,
    1,
    -1,
  ],
  Array [
    1,
    2,
    -1,
  ],
  Array [
    1,
    -1,
    0,
  ],
  Array [
    0,
    0,
    0,
  ],
  Array [
    2,
    0,
    0,
  ],
  Array [
    -1,
    1,
    0,
  ],
  Array [
    3,
    1,
    0,
  ],
  Array [
    0,
    2,
    0,
  ],
  Array [
    2,
    2,
    0,
  ],
  Array [
    1,
    3,
    0,
  ],
  Array [
    1,
    0,
    1,
  ],
  Array [
    0,
    1,
    1,
  ],
  Array [
    2,
    1,
    1,
  ],
  Array [
    1,
    2,
    1,
  ],
  Array [
    1,
    1,
    2,
  ],
]
`;
